// Jest Snapshot v1, https://goo.gl/fbAQLP

exports[`Type should render component matching snapshot 1`] = `
<div>
  <div
    class="type    "
  >
    Lorem ipsum dolor
  </div>
</div>
`;
